// Jest Snapshot v1, https://goo.gl/fbAQLP

exports[`App component snapshot 1`] = `
<div>
  <div
    class="sc-Qotzb fbOokM"
  >
    <h1
      class="sc-fYsHOw gOtxjZ"
    >
      🏆 Rewards Tracker
    </h1>
    <div
      style="display: flex; justify-content: space-between; flex-wrap: wrap; margin-bottom: 24px;"
    >
      <div
        style="flex: 1 1 40%;"
      >
        <div
          class="sc-iQQCXo bezgzY"
        >
          Loading customers...
        </div>
      </div>
      <div
        style="flex: 1 1 40%; text-align: right;"
      >
        <div
          class="sc-iQQCXo bezgzY"
        >
          Loading filters...
        </div>
      </div>
    </div>
  </div>
</div>
`;
